---
source: crates/fuscum/src/fingerprint.rs
expression: fp.fingerprints()
snapshot_kind: text
---
[
    (
        6697281,
        1,
    ),
    (
        2672330,
        4,
    ),
    (
        2936526,
        6,
    ),
    (
        2936523,
        8,
    ),
    (
        2723033,
        10,
    ),
]
