---
source: crates/fuscum/src/fingerprint.rs
expression: fp.raw_fingerprint()
---
[
    (
        6897742,
        0,
    ),
    (
        7229509,
        3,
    ),
    (
        6565698,
        5,
    ),
    (
        6899790,
        6,
    ),
    (
        7357238,
        9,
    ),
    (
        6630454,
        10,
    ),
    (
        6567495,
        11,
    ),
    (
        7159089,
        14,
    ),
    (
        6629948,
        15,
    ),
    (
        6437447,
        16,
    ),
    (
        7357238,
        19,
    ),
    (
        6630447,
        20,
    ),
    (
        6565696,
        21,
    ),
    (
        6566449,
        24,
    ),
    (
        6565696,
        26,
    ),
]
